\BOOKMARK [0][-]{chapter*.4}{\376\377\000\315\000n\000d\000i\000c\000e}{}% 1
\BOOKMARK [0][-]{chapter.1}{\376\377\000I\000n\000t\000r\000o\000d\000u\000\347\000\343\000o}{}% 2
\BOOKMARK [1][-]{section.1.1}{\376\377\000E\000n\000q\000u\000a\000d\000r\000a\000m\000e\000n\000t\000o\000\040\000e\000\040\000M\000o\000t\000i\000v\000a\000\347\000\343\000o}{chapter.1}% 3
\BOOKMARK [1][-]{section.1.2}{\376\377\000O\000b\000j\000e\000t\000i\000v\000o\000s}{chapter.1}% 4
\BOOKMARK [1][-]{section.1.3}{\376\377\000O\000r\000g\000a\000n\000i\000z\000a\000\347\000\343\000o\000\040\000d\000o\000\040\000D\000o\000c\000u\000m\000e\000n\000t\000o}{chapter.1}% 5
\BOOKMARK [0][-]{chapter.2}{\376\377\000A\000r\000q\000u\000i\000t\000e\000t\000u\000r\000a\000\040\000d\000o\000\040\000S\000i\000s\000t\000e\000m\000a}{}% 6
\BOOKMARK [1][-]{section.2.1}{\376\377\000S\000t\000a\000c\000k\000\040\000e\000\040\000O\000r\000g\000a\000n\000i\000z\000a\000\347\000\343\000o\000\040\000d\000o\000\040\000C\000\363\000d\000i\000g\000o}{chapter.2}% 7
\BOOKMARK [1][-]{section.2.2}{\376\377\000G\000e\000s\000t\000\343\000o\000\040\000d\000e\000\040\000E\000s\000t\000a\000d\000o\000\040\000e\000\040\000A\000u\000t\000e\000n\000t\000i\000c\000a\000\347\000\343\000o}{chapter.2}% 8
\BOOKMARK [1][-]{section.2.3}{\376\377\000A\000P\000I\000\040\000G\000e\000n\000J\000a\000z\000z}{chapter.2}% 9
\BOOKMARK [0][-]{chapter.3}{\376\377\000M\000a\000n\000u\000a\000l\000\040\000d\000o\000\040\000U\000t\000i\000l\000i\000z\000a\000d\000o\000r}{}% 10
\BOOKMARK [1][-]{section.3.1}{\376\377\000A\000c\000e\000s\000s\000o\000\040\000e\000\040\000A\000u\000t\000e\000n\000t\000i\000c\000a\000\347\000\343\000o}{chapter.3}% 11
\BOOKMARK [1][-]{section.3.2}{\376\377\000E\000c\000r\000\343\000\040\000P\000r\000i\000n\000c\000i\000p\000a\000l\000\040\000e\000\040\000G\000e\000r\000a\000\347\000\343\000o}{chapter.3}% 12
\BOOKMARK [1][-]{section.3.3}{\376\377\000R\000e\000s\000u\000l\000t\000a\000d\000o\000,\000\040\000B\000i\000b\000l\000i\000o\000t\000e\000c\000a\000\040\000e\000\040\000P\000e\000r\000f\000i\000l}{chapter.3}% 13
\BOOKMARK [0][-]{chapter.4}{\376\377\000D\000e\000c\000i\000s\000\365\000e\000s\000\040\000d\000e\000\040\000D\000e\000s\000i\000g\000n\000\040\000e\000\040\000A\000c\000e\000s\000s\000i\000b\000i\000l\000i\000d\000a\000d\000e}{}% 14
\BOOKMARK [1][-]{section.4.1}{\376\377\000P\000a\000l\000e\000t\000a\000\040\000d\000e\000\040\000C\000o\000r\000e\000s}{chapter.4}% 15
\BOOKMARK [1][-]{section.4.2}{\376\377\000T\000i\000p\000o\000g\000r\000a\000f\000i\000a}{chapter.4}% 16
\BOOKMARK [1][-]{section.4.3}{\376\377\000A\000c\000e\000s\000s\000i\000b\000i\000l\000i\000d\000a\000d\000e\000\040\000p\000a\000r\000a\000\040\000U\000t\000i\000l\000i\000z\000a\000d\000o\000r\000e\000s\000\040\000c\000o\000m\000\040\000D\000a\000l\000t\000o\000n\000i\000s\000m\000o}{chapter.4}% 17
\BOOKMARK [1][-]{section.4.4}{\376\377\000O\000u\000t\000r\000a\000s\000\040\000C\000o\000n\000s\000i\000d\000e\000r\000a\000\347\000\365\000e\000s\000\040\000d\000e\000\040\000A\000c\000e\000s\000s\000i\000b\000i\000l\000i\000d\000a\000d\000e}{chapter.4}% 18
\BOOKMARK [0][-]{chapter.5}{\376\377\000A\000l\000t\000e\000r\000a\000\347\000\365\000e\000s\000\040\000a\000o\000\040\000P\000r\000o\000t\000\363\000t\000i\000p\000o\000\040\000d\000a\000\040\0001\000.\000a\000\040\000P\000a\000r\000t\000e}{}% 19
\BOOKMARK [1][-]{section.5.1}{\376\377\000A\000c\000e\000s\000s\000i\000b\000i\000l\000i\000d\000a\000d\000e\000\040\000C\000r\000o\000m\000\341\000t\000i\000c\000a}{chapter.5}% 20
\BOOKMARK [1][-]{section.5.2}{\376\377\000P\000o\000l\000\355\000t\000i\000c\000a\000\040\000d\000e\000\040\000P\000r\000i\000v\000a\000c\000i\000d\000a\000d\000e}{chapter.5}% 21
\BOOKMARK [1][-]{section.5.3}{\376\377\000T\000i\000p\000o\000g\000r\000a\000f\000i\000a\000\040\040\024\000\040\000R\000e\000m\000o\000\347\000\343\000o\000\040\000d\000a\000\040\000P\000l\000a\000y\000f\000a\000i\000r\000\040\000D\000i\000s\000p\000l\000a\000y}{chapter.5}% 22
\BOOKMARK [0][-]{chapter.6}{\376\377\000C\000o\000n\000c\000l\000u\000s\000\365\000e\000s\000\040\000e\000\040\000T\000r\000a\000b\000a\000l\000h\000o\000\040\000F\000u\000t\000u\000r\000o}{}% 23
\BOOKMARK [1][-]{section.6.1}{\376\377\000C\000o\000n\000c\000l\000u\000s\000\365\000e\000s}{chapter.6}% 24
\BOOKMARK [1][-]{section.6.2}{\376\377\000O\000\040\000Q\000u\000e\000\040\000N\000\343\000o\000\040\000F\000o\000i\000\040\000I\000m\000p\000l\000e\000m\000e\000n\000t\000a\000d\000o}{chapter.6}% 25
\BOOKMARK [1][-]{section.6.3}{\376\377\000T\000r\000a\000b\000a\000l\000h\000o\000\040\000F\000u\000t\000u\000r\000o}{chapter.6}% 26
\BOOKMARK [0][-]{chapter.A}{\376\377\000D\000e\000c\000l\000a\000r\000a\000\347\000\343\000o\000\040\000d\000e\000\040\000U\000t\000i\000l\000i\000z\000a\000\347\000\343\000o\000\040\000d\000e\000\040\000I\000n\000t\000e\000l\000i\000g\000\352\000n\000c\000i\000a\000\040\000A\000r\000t\000i\000f\000i\000c\000i\000a\000l}{}% 27
